---
source: compiler/src/compile.rs
expression: "compile_exec(\"\\\nif True or False or False:\n    pass\n\")"
---
                 0 LoadConst            (true)
                 1 JumpIfTrue           (6)
                 2 LoadConst            (false)
                 3 JumpIfTrue           (6)
                 4 LoadConst            (false)
                 5 JumpIfFalse          (6)
          >>     6 LoadConst            (None)
                 7 ReturnValue

